// Jest Snapshot v1, https://goo.gl/fbAQLP

exports[`<NavBar /> renders correctly 1`] = `
Array [
  <Uncontrolled(Navbar)
    bsStyle="default"
    collapseOnSelect={true}
    fixedTop={true}
>
    <NavbarHeader>
        <NavbarBrand>
            <a
                href="/"
            >
                Jest Testing
            </a>
        </NavbarBrand>
    </NavbarHeader>
</Uncontrolled(Navbar)>,
]
`;
